// Jest Snapshot v1, https://goo.gl/fbAQLP

exports[`AppView.prototype.render Should render correctly 1`] = `"<ul><li>Video about JS</li><li>Another video ...</li><li>I need another video</li></ul>"`;
